
Allocating common symbols
Common symbol       size              file

InBuffer            0x40              ..\obj\main.o
OutBuffer           0x3f              ..\obj\main.o
Buf                 0x3f              ..\obj\main.o
USB_OTG_dev         0x5f4             ..\obj\main.o
NVIC_InitStructure  0x4               ..\obj\stm32f4_discovery.o
USBD_StrDesc        0x3f              ..\obj\usbd_req.o

Discarded input sections

 .text          0x00000000        0x0 ..\obj\stm32f4xx_syscfg.o
 .data          0x00000000        0x0 ..\obj\stm32f4xx_syscfg.o
 .bss           0x00000000        0x0 ..\obj\stm32f4xx_syscfg.o
 .text.SYSCFG_DeInit
                0x00000000       0x20 ..\obj\stm32f4xx_syscfg.o
 .text.SYSCFG_MemoryRemapConfig
                0x00000000       0x20 ..\obj\stm32f4xx_syscfg.o
 .text.SYSCFG_ETH_MediaInterfaceConfig
                0x00000000       0x20 ..\obj\stm32f4xx_syscfg.o
 .text.SYSCFG_CompensationCellCmd
                0x00000000       0x20 ..\obj\stm32f4xx_syscfg.o
 .text.SYSCFG_GetCompensationCellStatus
                0x00000000       0x3c ..\obj\stm32f4xx_syscfg.o
 .text          0x00000000        0x0 ..\obj\usb_core.o
 .data          0x00000000        0x0 ..\obj\usb_core.o
 .bss           0x00000000        0x0 ..\obj\usb_core.o
 .text.USB_OTG_IsHostMode
                0x00000000       0x24 ..\obj\usb_core.o
 .text.USB_OTG_ReadOtgItr
                0x00000000       0x1c ..\obj\usb_core.o
 .text.USB_OTG_ActiveRemoteWakeup
                0x00000000       0x94 ..\obj\usb_core.o
 .text.USB_OTG_StopDevice
                0x00000000       0x9c ..\obj\usb_core.o
 .text.USB_OTG_GetEPStatus
                0x00000000       0xc0 ..\obj\usb_core.o
 .text.USB_OTG_SetEPStatus
                0x00000000      0x13c ..\obj\usb_core.o
 .text          0x00000000        0x0 ..\obj\usbd_usr.o
 .bss           0x00000000        0x0 ..\obj\usbd_usr.o
 .text          0x00000000        0x0 ..\obj\startup_stm32f4xx.o
 .data          0x00000000        0x0 ..\obj\startup_stm32f4xx.o
 .bss           0x00000000        0x0 ..\obj\startup_stm32f4xx.o
 .text          0x00000000        0x0 ..\obj\stm32f4_discovery.o
 .bss           0x00000000        0x0 ..\obj\stm32f4_discovery.o
 .text.STM32F4_Discovery_LEDOn
                0x00000000       0x34 ..\obj\stm32f4_discovery.o
 .text.STM32F4_Discovery_LEDOff
                0x00000000       0x34 ..\obj\stm32f4_discovery.o
 .text.STM32F4_Discovery_PBGetState
                0x00000000       0x3c ..\obj\stm32f4_discovery.o
 COMMON         0x00000000        0x4 ..\obj\stm32f4_discovery.o
 .text          0x00000000        0x0 ..\obj\usbd_hid_core.o
 .text          0x00000000        0x0 ..\obj\usbd_core.o
 .bss           0x00000000        0x0 ..\obj\usbd_core.o
 .text          0x00000000        0x0 ..\obj\main.o
 .data          0x00000000        0x0 ..\obj\main.o
 .bss           0x00000000        0x1 ..\obj\main.o
 .text.Delay    0x00000000       0x20 ..\obj\main.o
 .text          0x00000000        0x0 ..\obj\stm32f4xx_rcc.o
 .data          0x00000000       0x10 ..\obj\stm32f4xx_rcc.o
 .bss           0x00000000        0x0 ..\obj\stm32f4xx_rcc.o
 .text.RCC_DeInit
                0x00000000       0x84 ..\obj\stm32f4xx_rcc.o
 .text.RCC_HSEConfig
                0x00000000       0x30 ..\obj\stm32f4xx_rcc.o
 .text.RCC_WaitForHSEStartUp
                0x00000000       0x64 ..\obj\stm32f4xx_rcc.o
 .text.RCC_AdjustHSICalibrationValue
                0x00000000       0x48 ..\obj\stm32f4xx_rcc.o
 .text.RCC_HSICmd
                0x00000000       0x20 ..\obj\stm32f4xx_rcc.o
 .text.RCC_LSEConfig
                0x00000000       0x60 ..\obj\stm32f4xx_rcc.o
 .text.RCC_LSICmd
                0x00000000       0x20 ..\obj\stm32f4xx_rcc.o
 .text.RCC_PLLConfig
                0x00000000       0x48 ..\obj\stm32f4xx_rcc.o
 .text.RCC_PLLCmd
                0x00000000       0x20 ..\obj\stm32f4xx_rcc.o
 .text.RCC_PLLI2SConfig
                0x00000000       0x30 ..\obj\stm32f4xx_rcc.o
 .text.RCC_PLLI2SCmd
                0x00000000       0x20 ..\obj\stm32f4xx_rcc.o
 .text.RCC_ClockSecuritySystemCmd
                0x00000000       0x20 ..\obj\stm32f4xx_rcc.o
 .text.RCC_MCO1Config
                0x00000000       0x48 ..\obj\stm32f4xx_rcc.o
 .text.RCC_MCO2Config
                0x00000000       0x48 ..\obj\stm32f4xx_rcc.o
 .text.RCC_SYSCLKConfig
                0x00000000       0x40 ..\obj\stm32f4xx_rcc.o
 .text.RCC_GetSYSCLKSource
                0x00000000       0x20 ..\obj\stm32f4xx_rcc.o
 .text.RCC_HCLKConfig
                0x00000000       0x40 ..\obj\stm32f4xx_rcc.o
 .text.RCC_PCLK1Config
                0x00000000       0x40 ..\obj\stm32f4xx_rcc.o
 .text.RCC_PCLK2Config
                0x00000000       0x44 ..\obj\stm32f4xx_rcc.o
 .text.RCC_GetClocksFreq
                0x00000000      0x1cc ..\obj\stm32f4xx_rcc.o
 .text.RCC_RTCCLKConfig
                0x00000000       0x74 ..\obj\stm32f4xx_rcc.o
 .text.RCC_RTCCLKCmd
                0x00000000       0x20 ..\obj\stm32f4xx_rcc.o
 .text.RCC_BackupResetCmd
                0x00000000       0x20 ..\obj\stm32f4xx_rcc.o
 .text.RCC_I2SCLKConfig
                0x00000000       0x20 ..\obj\stm32f4xx_rcc.o
 .text.RCC_AHB3PeriphClockCmd
                0x00000000       0x54 ..\obj\stm32f4xx_rcc.o
 .text.RCC_APB1PeriphClockCmd
                0x00000000       0x54 ..\obj\stm32f4xx_rcc.o
 .text.RCC_AHB1PeriphResetCmd
                0x00000000       0x54 ..\obj\stm32f4xx_rcc.o
 .text.RCC_AHB2PeriphResetCmd
                0x00000000       0x54 ..\obj\stm32f4xx_rcc.o
 .text.RCC_AHB3PeriphResetCmd
                0x00000000       0x54 ..\obj\stm32f4xx_rcc.o
 .text.RCC_APB2PeriphResetCmd
                0x00000000       0x54 ..\obj\stm32f4xx_rcc.o
 .text.RCC_AHB1PeriphClockLPModeCmd
                0x00000000       0x54 ..\obj\stm32f4xx_rcc.o
 .text.RCC_AHB2PeriphClockLPModeCmd
                0x00000000       0x54 ..\obj\stm32f4xx_rcc.o
 .text.RCC_AHB3PeriphClockLPModeCmd
                0x00000000       0x54 ..\obj\stm32f4xx_rcc.o
 .text.RCC_APB1PeriphClockLPModeCmd
                0x00000000       0x54 ..\obj\stm32f4xx_rcc.o
 .text.RCC_APB2PeriphClockLPModeCmd
                0x00000000       0x54 ..\obj\stm32f4xx_rcc.o
 .text.RCC_ITConfig
                0x00000000       0x60 ..\obj\stm32f4xx_rcc.o
 .text.RCC_GetFlagStatus
                0x00000000       0x90 ..\obj\stm32f4xx_rcc.o
 .text.RCC_ClearFlag
                0x00000000       0x24 ..\obj\stm32f4xx_rcc.o
 .text.RCC_GetITStatus
                0x00000000       0x40 ..\obj\stm32f4xx_rcc.o
 .text.RCC_ClearITPendingBit
                0x00000000       0x20 ..\obj\stm32f4xx_rcc.o
 .text          0x00000000        0x0 ..\obj\stm32f4xx_it.o
 .data          0x00000000        0x0 ..\obj\stm32f4xx_it.o
 .bss           0x00000000        0x0 ..\obj\stm32f4xx_it.o
 .text          0x00000000        0x0 ..\obj\usbd_desc.o
 .bss           0x00000000        0x0 ..\obj\usbd_desc.o
 .text          0x00000000        0x0 ..\obj\stm32f4xx_gpio.o
 .data          0x00000000        0x0 ..\obj\stm32f4xx_gpio.o
 .bss           0x00000000        0x0 ..\obj\stm32f4xx_gpio.o
 .text.GPIO_DeInit
                0x00000000      0x178 ..\obj\stm32f4xx_gpio.o
 .text.GPIO_StructInit
                0x00000000       0x3c ..\obj\stm32f4xx_gpio.o
 .text.GPIO_PinLockConfig
                0x00000000       0x44 ..\obj\stm32f4xx_gpio.o
 .text.GPIO_ReadInputDataBit
                0x00000000       0x3c ..\obj\stm32f4xx_gpio.o
 .text.GPIO_ReadInputData
                0x00000000       0x1c ..\obj\stm32f4xx_gpio.o
 .text.GPIO_ReadOutputDataBit
                0x00000000       0x3c ..\obj\stm32f4xx_gpio.o
 .text.GPIO_ReadOutputData
                0x00000000       0x1c ..\obj\stm32f4xx_gpio.o
 .text.GPIO_SetBits
                0x00000000       0x1c ..\obj\stm32f4xx_gpio.o
 .text.GPIO_ResetBits
                0x00000000       0x1c ..\obj\stm32f4xx_gpio.o
 .text.GPIO_WriteBit
                0x00000000       0x30 ..\obj\stm32f4xx_gpio.o
 .text.GPIO_Write
                0x00000000       0x1c ..\obj\stm32f4xx_gpio.o
 .text.GPIO_ToggleBits
                0x00000000       0x24 ..\obj\stm32f4xx_gpio.o
 .text          0x00000000        0x0 ..\obj\system_stm32f4xx.o
 .data          0x00000000       0x14 ..\obj\system_stm32f4xx.o
 .bss           0x00000000        0x0 ..\obj\system_stm32f4xx.o
 .text.SystemCoreClockUpdate
                0x00000000      0x170 ..\obj\system_stm32f4xx.o
 .text          0x00000000        0x0 ..\obj\usb_bsp.o
 .data          0x00000000        0x0 ..\obj\usb_bsp.o
 .bss           0x00000000        0x0 ..\obj\usb_bsp.o
 .text          0x00000000        0x0 ..\obj\usbd_req.o
 .data          0x00000000        0x0 ..\obj\usbd_req.o
 .text          0x00000000        0x0 ..\obj\usb_dcd_int.o
 .data          0x00000000        0x0 ..\obj\usb_dcd_int.o
 .bss           0x00000000        0x0 ..\obj\usb_dcd_int.o
 .text          0x00000000        0x0 ..\obj\stm32f4xx_exti.o
 .data          0x00000000        0x0 ..\obj\stm32f4xx_exti.o
 .bss           0x00000000        0x0 ..\obj\stm32f4xx_exti.o
 .text.EXTI_DeInit
                0x00000000       0x54 ..\obj\stm32f4xx_exti.o
 .text.EXTI_StructInit
                0x00000000       0x34 ..\obj\stm32f4xx_exti.o
 .text.EXTI_GenerateSWInterrupt
                0x00000000       0x2c ..\obj\stm32f4xx_exti.o
 .text.EXTI_GetFlagStatus
                0x00000000       0x3c ..\obj\stm32f4xx_exti.o
 .text.EXTI_ClearFlag
                0x00000000       0x20 ..\obj\stm32f4xx_exti.o
 .text.EXTI_GetITStatus
                0x00000000       0x58 ..\obj\stm32f4xx_exti.o
 .text          0x00000000        0x0 ..\obj\misc.o
 .data          0x00000000        0x0 ..\obj\misc.o
 .bss           0x00000000        0x0 ..\obj\misc.o
 .text.NVIC_SetVectorTable
                0x00000000       0x2c ..\obj\misc.o
 .text.NVIC_SystemLPConfig
                0x00000000       0x54 ..\obj\misc.o
 .text.SysTick_CLKSourceConfig
                0x00000000       0x4c ..\obj\misc.o
 .text          0x00000000        0x0 ..\obj\usb_dcd.o
 .data          0x00000000        0x0 ..\obj\usb_dcd.o
 .bss           0x00000000        0x0 ..\obj\usb_dcd.o
 .text.DCD_DevConnect
                0x00000000       0x30 ..\obj\usb_dcd.o
 .text.DCD_DevDisconnect
                0x00000000       0x30 ..\obj\usb_dcd.o
 .text.DCD_GetEPStatus
                0x00000000       0x70 ..\obj\usb_dcd.o
 .text.DCD_SetEPStatus
                0x00000000       0x68 ..\obj\usb_dcd.o
 .text          0x00000000        0x0 ..\obj\usbd_ioreq.o
 .data          0x00000000        0x0 ..\obj\usbd_ioreq.o
 .bss           0x00000000        0x0 ..\obj\usbd_ioreq.o
 .text.USBD_CtlPrepareRx
                0x00000000       0x48 ..\obj\usbd_ioreq.o
 .text.USBD_GetRxCount
                0x00000000       0x34 ..\obj\usbd_ioreq.o
 .text          0x00000000        0x0 ..\obj\stm32f4xx_tim.o
 .data          0x00000000        0x0 ..\obj\stm32f4xx_tim.o
 .bss           0x00000000        0x0 ..\obj\stm32f4xx_tim.o
 .text.TIM_DeInit
                0x00000000      0x238 ..\obj\stm32f4xx_tim.o
 .text.TIM_TimeBaseInit
                0x00000000       0xf4 ..\obj\stm32f4xx_tim.o
 .text.TIM_TimeBaseStructInit
                0x00000000       0x3c ..\obj\stm32f4xx_tim.o
 .text.TIM_PrescalerConfig
                0x00000000       0x28 ..\obj\stm32f4xx_tim.o
 .text.TIM_CounterModeConfig
                0x00000000       0x38 ..\obj\stm32f4xx_tim.o
 .text.TIM_SetCounter
                0x00000000       0x1c ..\obj\stm32f4xx_tim.o
 .text.TIM_SetAutoreload
                0x00000000       0x1c ..\obj\stm32f4xx_tim.o
 .text.TIM_GetCounter
                0x00000000       0x18 ..\obj\stm32f4xx_tim.o
 .text.TIM_GetPrescaler
                0x00000000       0x1c ..\obj\stm32f4xx_tim.o
 .text.TIM_UpdateDisableConfig
                0x00000000       0x40 ..\obj\stm32f4xx_tim.o
 .text.TIM_UpdateRequestConfig
                0x00000000       0x40 ..\obj\stm32f4xx_tim.o
 .text.TIM_ARRPreloadConfig
                0x00000000       0x40 ..\obj\stm32f4xx_tim.o
 .text.TIM_SelectOnePulseMode
                0x00000000       0x38 ..\obj\stm32f4xx_tim.o
 .text.TIM_SetClockDivision
                0x00000000       0x38 ..\obj\stm32f4xx_tim.o
 .text.TIM_Cmd  0x00000000       0x40 ..\obj\stm32f4xx_tim.o
 .text.TIM_OC1Init
                0x00000000       0xfc ..\obj\stm32f4xx_tim.o
 .text.TIM_OC2Init
                0x00000000      0x128 ..\obj\stm32f4xx_tim.o
 .text.TIM_OC3Init
                0x00000000      0x120 ..\obj\stm32f4xx_tim.o
 .text.TIM_OC4Init
                0x00000000       0xe0 ..\obj\stm32f4xx_tim.o
 .text.TIM_OCStructInit
                0x00000000       0x54 ..\obj\stm32f4xx_tim.o
 .text.TIM_SelectOCxM
                0x00000000       0xc0 ..\obj\stm32f4xx_tim.o
 .text.TIM_SetCompare1
                0x00000000       0x1c ..\obj\stm32f4xx_tim.o
 .text.TIM_SetCompare2
                0x00000000       0x1c ..\obj\stm32f4xx_tim.o
 .text.TIM_SetCompare3
                0x00000000       0x1c ..\obj\stm32f4xx_tim.o
 .text.TIM_SetCompare4
                0x00000000       0x1c ..\obj\stm32f4xx_tim.o
 .text.TIM_ForcedOC1Config
                0x00000000       0x38 ..\obj\stm32f4xx_tim.o
 .text.TIM_ForcedOC2Config
                0x00000000       0x40 ..\obj\stm32f4xx_tim.o
 .text.TIM_ForcedOC3Config
                0x00000000       0x38 ..\obj\stm32f4xx_tim.o
 .text.TIM_ForcedOC4Config
                0x00000000       0x40 ..\obj\stm32f4xx_tim.o
 .text.TIM_OC1PreloadConfig
                0x00000000       0x38 ..\obj\stm32f4xx_tim.o
 .text.TIM_OC2PreloadConfig
                0x00000000       0x40 ..\obj\stm32f4xx_tim.o
 .text.TIM_OC3PreloadConfig
                0x00000000       0x38 ..\obj\stm32f4xx_tim.o
 .text.TIM_OC4PreloadConfig
                0x00000000       0x40 ..\obj\stm32f4xx_tim.o
 .text.TIM_OC1FastConfig
                0x00000000       0x38 ..\obj\stm32f4xx_tim.o
 .text.TIM_OC2FastConfig
                0x00000000       0x40 ..\obj\stm32f4xx_tim.o
 .text.TIM_OC3FastConfig
                0x00000000       0x38 ..\obj\stm32f4xx_tim.o
 .text.TIM_OC4FastConfig
                0x00000000       0x40 ..\obj\stm32f4xx_tim.o
 .text.TIM_ClearOC1Ref
                0x00000000       0x38 ..\obj\stm32f4xx_tim.o
 .text.TIM_ClearOC2Ref
                0x00000000       0x44 ..\obj\stm32f4xx_tim.o
 .text.TIM_ClearOC3Ref
                0x00000000       0x38 ..\obj\stm32f4xx_tim.o
 .text.TIM_ClearOC4Ref
                0x00000000       0x44 ..\obj\stm32f4xx_tim.o
 .text.TIM_OC1PolarityConfig
                0x00000000       0x38 ..\obj\stm32f4xx_tim.o
 .text.TIM_OC1NPolarityConfig
                0x00000000       0x38 ..\obj\stm32f4xx_tim.o
 .text.TIM_OC2PolarityConfig
                0x00000000       0x40 ..\obj\stm32f4xx_tim.o
 .text.TIM_OC2NPolarityConfig
                0x00000000       0x40 ..\obj\stm32f4xx_tim.o
 .text.TIM_OC3PolarityConfig
                0x00000000       0x40 ..\obj\stm32f4xx_tim.o
 .text.TIM_OC3NPolarityConfig
                0x00000000       0x40 ..\obj\stm32f4xx_tim.o
 .text.TIM_OC4PolarityConfig
                0x00000000       0x40 ..\obj\stm32f4xx_tim.o
 .text.TIM_CCxCmd
                0x00000000       0x5c ..\obj\stm32f4xx_tim.o
 .text.TIM_CCxNCmd
                0x00000000       0x5c ..\obj\stm32f4xx_tim.o
 .text.TIM_ICInit
                0x00000000       0xa8 ..\obj\stm32f4xx_tim.o
 .text.TIM_ICStructInit
                0x00000000       0x3c ..\obj\stm32f4xx_tim.o
 .text.TIM_PWMIConfig
                0x00000000       0xc4 ..\obj\stm32f4xx_tim.o
 .text.TIM_GetCapture1
                0x00000000       0x18 ..\obj\stm32f4xx_tim.o
 .text.TIM_GetCapture2
                0x00000000       0x18 ..\obj\stm32f4xx_tim.o
 .text.TIM_GetCapture3
                0x00000000       0x18 ..\obj\stm32f4xx_tim.o
 .text.TIM_GetCapture4
                0x00000000       0x18 ..\obj\stm32f4xx_tim.o
 .text.TIM_SetIC1Prescaler
                0x00000000       0x38 ..\obj\stm32f4xx_tim.o
 .text.TIM_SetIC2Prescaler
                0x00000000       0x3c ..\obj\stm32f4xx_tim.o
 .text.TIM_SetIC3Prescaler
                0x00000000       0x38 ..\obj\stm32f4xx_tim.o
 .text.TIM_SetIC4Prescaler
                0x00000000       0x3c ..\obj\stm32f4xx_tim.o
 .text.TIM_BDTRConfig
                0x00000000       0x50 ..\obj\stm32f4xx_tim.o
 .text.TIM_BDTRStructInit
                0x00000000       0x4c ..\obj\stm32f4xx_tim.o
 .text.TIM_CtrlPWMOutputs
                0x00000000       0x50 ..\obj\stm32f4xx_tim.o
 .text.TIM_SelectCOM
                0x00000000       0x40 ..\obj\stm32f4xx_tim.o
 .text.TIM_CCPreloadControl
                0x00000000       0x40 ..\obj\stm32f4xx_tim.o
 .text.TIM_ITConfig
                0x00000000       0x48 ..\obj\stm32f4xx_tim.o
 .text.TIM_GenerateEvent
                0x00000000       0x1c ..\obj\stm32f4xx_tim.o
 .text.TIM_GetFlagStatus
                0x00000000       0x40 ..\obj\stm32f4xx_tim.o
 .text.TIM_ClearFlag
                0x00000000       0x24 ..\obj\stm32f4xx_tim.o
 .text.TIM_GetITStatus
                0x00000000       0x60 ..\obj\stm32f4xx_tim.o
 .text.TIM_ClearITPendingBit
                0x00000000       0x24 ..\obj\stm32f4xx_tim.o
 .text.TIM_DMAConfig
                0x00000000       0x28 ..\obj\stm32f4xx_tim.o
 .text.TIM_DMACmd
                0x00000000       0x48 ..\obj\stm32f4xx_tim.o
 .text.TIM_SelectCCDMA
                0x00000000       0x40 ..\obj\stm32f4xx_tim.o
 .text.TIM_InternalClockConfig
                0x00000000       0x24 ..\obj\stm32f4xx_tim.o
 .text.TIM_ITRxExternalClockConfig
                0x00000000       0x30 ..\obj\stm32f4xx_tim.o
 .text.TIM_TIxExternalClockConfig
                0x00000000       0x58 ..\obj\stm32f4xx_tim.o
 .text.TIM_ETRClockMode1Config
                0x00000000       0x54 ..\obj\stm32f4xx_tim.o
 .text.TIM_ETRClockMode2Config
                0x00000000       0x34 ..\obj\stm32f4xx_tim.o
 .text.TIM_SelectInputTrigger
                0x00000000       0x38 ..\obj\stm32f4xx_tim.o
 .text.TIM_SelectOutputTrigger
                0x00000000       0x38 ..\obj\stm32f4xx_tim.o
 .text.TIM_SelectSlaveMode
                0x00000000       0x38 ..\obj\stm32f4xx_tim.o
 .text.TIM_SelectMasterSlaveMode
                0x00000000       0x38 ..\obj\stm32f4xx_tim.o
 .text.TIM_ETRConfig
                0x00000000       0x4c ..\obj\stm32f4xx_tim.o
 .text.TIM_EncoderInterfaceConfig
                0x00000000       0x94 ..\obj\stm32f4xx_tim.o
 .text.TIM_SelectHallSensor
                0x00000000       0x40 ..\obj\stm32f4xx_tim.o
 .text.TIM_RemapConfig
                0x00000000       0x20 ..\obj\stm32f4xx_tim.o
 .text.TI1_Config
                0x00000000       0x80 ..\obj\stm32f4xx_tim.o
 .text.TI2_Config
                0x00000000       0x9c ..\obj\stm32f4xx_tim.o
 .text.TI3_Config
                0x00000000       0x8c ..\obj\stm32f4xx_tim.o
 .text.TI4_Config
                0x00000000       0xa4 ..\obj\stm32f4xx_tim.o
 .debug_info    0x00000000     0x1e7d ..\obj\stm32f4xx_tim.o
 .debug_abbrev  0x00000000      0x189 ..\obj\stm32f4xx_tim.o
 .debug_loc     0x00000000     0x1420 ..\obj\stm32f4xx_tim.o
 .debug_aranges
                0x00000000      0x2f8 ..\obj\stm32f4xx_tim.o
 .debug_ranges  0x00000000      0x2e8 ..\obj\stm32f4xx_tim.o
 .debug_line    0x00000000      0xa98 ..\obj\stm32f4xx_tim.o
 .debug_str     0x00000000      0xd86 ..\obj\stm32f4xx_tim.o
 .comment       0x00000000       0x71 ..\obj\stm32f4xx_tim.o
 .ARM.attributes
                0x00000000       0x33 ..\obj\stm32f4xx_tim.o
 .debug_frame   0x00000000      0xa3c ..\obj\stm32f4xx_tim.o

Memory Configuration

Name             Origin             Length             Attributes
rom              0x08000000         0x00100000         xr
ram              0x20000000         0x00020000         xrw
ram1             0x10000000         0x00010000         xrw
*default*        0x00000000         0xffffffff

Linker script and memory map

                0x20020000                _eram = 0x20020000

.text           0x08000000     0x4c7c
 *(.isr_vector .isr_vector.*)
 .isr_vector    0x08000000      0x188 ..\obj\startup_stm32f4xx.o
                0x08000000                g_pfnVectors
 *(.text .text.* .gnu.linkonce.t.*)
 .text.SYSCFG_EXTILineConfig
                0x08000188       0xb0 ..\obj\stm32f4xx_syscfg.o
                0x08000188                SYSCFG_EXTILineConfig
 .text.USB_OTG_EnableCommonInt
                0x08000238       0x44 ..\obj\usb_core.o
 .text.USB_OTG_CoreReset
                0x0800027c       0xa8 ..\obj\usb_core.o
 .text.USB_OTG_WritePacket
                0x08000324       0x84 ..\obj\usb_core.o
                0x08000324                USB_OTG_WritePacket
 .text.USB_OTG_ReadPacket
                0x080003a8       0x68 ..\obj\usb_core.o
                0x080003a8                USB_OTG_ReadPacket
 .text.USB_OTG_SelectCore
                0x08000410      0x1b4 ..\obj\usb_core.o
                0x08000410                USB_OTG_SelectCore
 .text.USB_OTG_CoreInit
                0x080005c4      0x150 ..\obj\usb_core.o
                0x080005c4                USB_OTG_CoreInit
 .text.USB_OTG_EnableGlobalInt
                0x08000714       0x3c ..\obj\usb_core.o
                0x08000714                USB_OTG_EnableGlobalInt
 .text.USB_OTG_DisableGlobalInt
                0x08000750       0x40 ..\obj\usb_core.o
                0x08000750                USB_OTG_DisableGlobalInt
 .text.USB_OTG_FlushTxFifo
                0x08000790       0x80 ..\obj\usb_core.o
                0x08000790                USB_OTG_FlushTxFifo
 .text.USB_OTG_FlushRxFifo
                0x08000810       0x6c ..\obj\usb_core.o
                0x08000810                USB_OTG_FlushRxFifo
 .text.USB_OTG_SetCurrentMode
                0x0800087c       0x64 ..\obj\usb_core.o
                0x0800087c                USB_OTG_SetCurrentMode
 .text.USB_OTG_GetMode
                0x080008e0       0x20 ..\obj\usb_core.o
                0x080008e0                USB_OTG_GetMode
 .text.USB_OTG_IsDeviceMode
                0x08000900       0x24 ..\obj\usb_core.o
                0x08000900                USB_OTG_IsDeviceMode
 .text.USB_OTG_ReadCoreItr
                0x08000924       0x30 ..\obj\usb_core.o
                0x08000924                USB_OTG_ReadCoreItr
 .text.USB_OTG_InitDevSpeed
                0x08000954       0x38 ..\obj\usb_core.o
                0x08000954                USB_OTG_InitDevSpeed
 .text.USB_OTG_CoreInitDev
                0x0800098c      0x2d4 ..\obj\usb_core.o
                0x0800098c                USB_OTG_CoreInitDev
 .text.USB_OTG_EnableDevInt
                0x08000c60       0xa4 ..\obj\usb_core.o
                0x08000c60                USB_OTG_EnableDevInt
 .text.USB_OTG_GetDeviceSpeed
                0x08000d04       0x50 ..\obj\usb_core.o
                0x08000d04                USB_OTG_GetDeviceSpeed
 .text.USB_OTG_EP0Activate
                0x08000d54       0x80 ..\obj\usb_core.o
                0x08000d54                USB_OTG_EP0Activate
 .text.USB_OTG_EPActivate
                0x08000dd4       0xf8 ..\obj\usb_core.o
                0x08000dd4                USB_OTG_EPActivate
 .text.USB_OTG_EPDeactivate
                0x08000ecc       0xa4 ..\obj\usb_core.o
                0x08000ecc                USB_OTG_EPDeactivate
 .text.USB_OTG_EPStartXfer
                0x08000f70      0x2d0 ..\obj\usb_core.o
                0x08000f70                USB_OTG_EPStartXfer
 .text.USB_OTG_EP0StartXfer
                0x08001240      0x200 ..\obj\usb_core.o
                0x08001240                USB_OTG_EP0StartXfer
 .text.USB_OTG_EPSetStall
                0x08001440       0x94 ..\obj\usb_core.o
                0x08001440                USB_OTG_EPSetStall
 .text.USB_OTG_EPClearStall
                0x080014d4       0x84 ..\obj\usb_core.o
                0x080014d4                USB_OTG_EPClearStall
 .text.USB_OTG_ReadDevAllOutEp_itr
                0x08001558       0x30 ..\obj\usb_core.o
                0x08001558                USB_OTG_ReadDevAllOutEp_itr
 .text.USB_OTG_ReadDevOutEP_itr
                0x08001588       0x3c ..\obj\usb_core.o
                0x08001588                USB_OTG_ReadDevOutEP_itr
 .text.USB_OTG_ReadDevAllInEPItr
                0x080015c4       0x34 ..\obj\usb_core.o
                0x080015c4                USB_OTG_ReadDevAllInEPItr
 .text.USB_OTG_EP0_OutStart
                0x080015f8       0x78 ..\obj\usb_core.o
                0x080015f8                USB_OTG_EP0_OutStart
 .text.USB_OTG_UngateClock
                0x08001670       0x54 ..\obj\usb_core.o
                0x08001670                USB_OTG_UngateClock
 .text.USBD_USR_Init
                0x080016c4        0xc ..\obj\usbd_usr.o
                0x080016c4                USBD_USR_Init
 .text.USBD_USR_DeviceReset
                0x080016d0       0x14 ..\obj\usbd_usr.o
                0x080016d0                USBD_USR_DeviceReset
 .text.USBD_USR_DeviceConfigured
                0x080016e4        0xc ..\obj\usbd_usr.o
                0x080016e4                USBD_USR_DeviceConfigured
 .text.USBD_USR_DeviceSuspended
                0x080016f0        0xc ..\obj\usbd_usr.o
                0x080016f0                USBD_USR_DeviceSuspended
 .text.USBD_USR_DeviceResumed
                0x080016fc        0xc ..\obj\usbd_usr.o
                0x080016fc                USBD_USR_DeviceResumed
 .text.Default_Reset_Handler
                0x08001708       0x70 ..\obj\startup_stm32f4xx.o
                0x08001708                Default_Reset_Handler
                0x08001708                Reset_Handler
 .text.Default_Handler
                0x08001778        0x8 ..\obj\startup_stm32f4xx.o
                0x08001778                RTC_Alarm_IRQHandler
                0x08001778                HASH_RNG_IRQHandler
                0x08001778                EXTI2_IRQHandler
                0x08001778                TIM8_CC_IRQHandler
                0x08001778                TIM1_CC_IRQHandler
                0x08001778                DMA2_Stream5_IRQHandler
                0x08001778                DMA1_Stream5_IRQHandler
                0x08001778                PVD_IRQHandler
                0x08001778                SDIO_IRQHandler
                0x08001778                TAMP_STAMP_IRQHandler
                0x08001778                CAN2_RX1_IRQHandler
                0x08001778                EXTI3_IRQHandler
                0x08001778                TIM8_TRG_COM_TIM14_IRQHandler
                0x08001778                TIM1_UP_TIM10_IRQHandler
                0x08001778                TIM8_UP_TIM13_IRQHandler
                0x08001778                I2C3_ER_IRQHandler
                0x08001778                EXTI0_IRQHandler
                0x08001778                I2C2_EV_IRQHandler
                0x08001778                DMA1_Stream2_IRQHandler
                0x08001778                CAN1_RX0_IRQHandler
                0x08001778                FPU_IRQHandler
                0x08001778                OTG_HS_WKUP_IRQHandler
                0x08001778                CAN2_SCE_IRQHandler
                0x08001778                DMA2_Stream2_IRQHandler
                0x08001778                SPI1_IRQHandler
                0x08001778                TIM6_DAC_IRQHandler
                0x08001778                TIM1_BRK_TIM9_IRQHandler
                0x08001778                DCMI_IRQHandler
                0x08001778                CAN2_RX0_IRQHandler
                0x08001778                DMA2_Stream3_IRQHandler
                0x08001778                USART6_IRQHandler
                0x08001778                USART3_IRQHandler
                0x08001778                CRYP_IRQHandler
                0x08001778                CAN1_RX1_IRQHandler
                0x08001778                UART5_IRQHandler
                0x08001778                DMA2_Stream0_IRQHandler
                0x08001778                TIM4_IRQHandler
                0x08001778                I2C1_EV_IRQHandler
                0x08001778                DMA1_Stream6_IRQHandler
                0x08001778                DMA1_Stream1_IRQHandler
                0x08001778                UART4_IRQHandler
                0x08001778                TIM3_IRQHandler
                0x08001778                RCC_IRQHandler
                0x08001778                TIM8_BRK_TIM12_IRQHandler
                0x08001778                EXTI15_10_IRQHandler
                0x08001778                ADC_IRQHandler
                0x08001778                DMA1_Stream7_IRQHandler
                0x08001778                TIM7_IRQHandler
                0x08001778                CAN2_TX_IRQHandler
                0x08001778                TIM5_IRQHandler
                0x08001778                DMA2_Stream7_IRQHandler
                0x08001778                I2C3_EV_IRQHandler
                0x08001778                EXTI9_5_IRQHandler
                0x08001778                RTC_WKUP_IRQHandler
                0x08001778                ETH_WKUP_IRQHandler
                0x08001778                SPI2_IRQHandler
                0x08001778                OTG_HS_EP1_IN_IRQHandler
                0x08001778                DMA1_Stream0_IRQHandler
                0x08001778                CAN1_TX_IRQHandler
                0x08001778                EXTI4_IRQHandler
                0x08001778                FSMC_IRQHandler
                0x08001778                ETH_IRQHandler
                0x08001778                OTG_HS_EP1_OUT_IRQHandler
                0x08001778                WWDG_IRQHandler
                0x08001778                TIM2_IRQHandler
                0x08001778                TIM1_TRG_COM_TIM11_IRQHandler
                0x08001778                OTG_HS_IRQHandler
                0x08001778                EXTI1_IRQHandler
                0x08001778                USART2_IRQHandler
                0x08001778                I2C2_ER_IRQHandler
                0x08001778                DMA2_Stream1_IRQHandler
                0x08001778                CAN1_SCE_IRQHandler
                0x08001778                FLASH_IRQHandler
                0x08001778                DMA2_Stream4_IRQHandler
                0x08001778                USART1_IRQHandler
                0x08001778                SPI3_IRQHandler
                0x08001778                DMA1_Stream4_IRQHandler
                0x08001778                I2C1_ER_IRQHandler
                0x08001778                DMA2_Stream6_IRQHandler
                0x08001778                DMA1_Stream3_IRQHandler
 .text.STM32F4_Discovery_LEDInit
                0x08001780       0x6c ..\obj\stm32f4_discovery.o
                0x08001780                STM32F4_Discovery_LEDInit
 .text.STM32F4_Discovery_LEDToggle
                0x080017ec       0x44 ..\obj\stm32f4_discovery.o
                0x080017ec                STM32F4_Discovery_LEDToggle
 .text.STM32F4_Discovery_PBInit
                0x08001830       0xec ..\obj\stm32f4_discovery.o
                0x08001830                STM32F4_Discovery_PBInit
 .text.USBD_HID_Init
                0x0800191c       0x54 ..\obj\usbd_hid_core.o
 .text.USBD_HID_DeInit
                0x08001970       0x30 ..\obj\usbd_hid_core.o
 .text.USBD_HID_Setup
                0x080019a0      0x168 ..\obj\usbd_hid_core.o
 .text.USBD_HID_SendReport
                0x08001b08       0x34 ..\obj\usbd_hid_core.o
                0x08001b08                USBD_HID_SendReport
 .text.USBD_HID_GetCfgDesc
                0x08001b3c       0x28 ..\obj\usbd_hid_core.o
 .text.USBD_HID_DataIn
                0x08001b64       0x24 ..\obj\usbd_hid_core.o
 .text.USBD_HID_DataOut
                0x08001b88       0x8c ..\obj\usbd_hid_core.o
 .text.USBD_Init
                0x08001c14       0x58 ..\obj\usbd_core.o
                0x08001c14                USBD_Init
 .text.USBD_DeInit
                0x08001c6c       0x18 ..\obj\usbd_core.o
                0x08001c6c                USBD_DeInit
 .text.USBD_SetupStage
                0x08001c84       0x70 ..\obj\usbd_core.o
 .text.USBD_DataOutStage
                0x08001cf4       0xd4 ..\obj\usbd_core.o
 .text.USBD_DataInStage
                0x08001dc8      0x114 ..\obj\usbd_core.o
 .text.USBD_Reset
                0x08001edc       0x54 ..\obj\usbd_core.o
 .text.USBD_Resume
                0x08001f30       0x2c ..\obj\usbd_core.o
 .text.USBD_Suspend
                0x08001f5c       0x2c ..\obj\usbd_core.o
 .text.USBD_SOF
                0x08001f88       0x30 ..\obj\usbd_core.o
 .text.USBD_SetCfg
                0x08001fb8       0x34 ..\obj\usbd_core.o
                0x08001fb8                USBD_SetCfg
 .text.USBD_ClrCfg
                0x08001fec       0x2c ..\obj\usbd_core.o
                0x08001fec                USBD_ClrCfg
 .text.USBD_IsoINIncomplete
                0x08002018       0x24 ..\obj\usbd_core.o
 .text.USBD_IsoOUTIncomplete
                0x0800203c       0x24 ..\obj\usbd_core.o
 .text.main     0x08002060      0x1fc ..\obj\main.o
                0x08002060                main
 .text.SendStrToUSB
                0x0800225c       0x5c ..\obj\main.o
                0x0800225c                SendStrToUSB
 .text.ClearBuffer
                0x080022b8       0x4c ..\obj\main.o
                0x080022b8                ClearBuffer
 .text.Delayms  0x08002304       0x58 ..\obj\main.o
                0x08002304                Delayms
 .text.RCC_AHB1PeriphClockCmd
                0x0800235c       0x54 ..\obj\stm32f4xx_rcc.o
                0x0800235c                RCC_AHB1PeriphClockCmd
 .text.RCC_AHB2PeriphClockCmd
                0x080023b0       0x54 ..\obj\stm32f4xx_rcc.o
                0x080023b0                RCC_AHB2PeriphClockCmd
 .text.RCC_APB2PeriphClockCmd
                0x08002404       0x54 ..\obj\stm32f4xx_rcc.o
                0x08002404                RCC_APB2PeriphClockCmd
 .text.RCC_APB1PeriphResetCmd
                0x08002458       0x54 ..\obj\stm32f4xx_rcc.o
                0x08002458                RCC_APB1PeriphResetCmd
 .text.NMI_Handler
                0x080024ac        0xc ..\obj\stm32f4xx_it.o
                0x080024ac                NMI_Handler
 .text.HardFault_Handler
                0x080024b8        0x8 ..\obj\stm32f4xx_it.o
                0x080024b8                HardFault_Handler
 .text.MemManage_Handler
                0x080024c0        0x8 ..\obj\stm32f4xx_it.o
                0x080024c0                MemManage_Handler
 .text.BusFault_Handler
                0x080024c8        0x8 ..\obj\stm32f4xx_it.o
                0x080024c8                BusFault_Handler
 .text.UsageFault_Handler
                0x080024d0        0x8 ..\obj\stm32f4xx_it.o
                0x080024d0                UsageFault_Handler
 .text.SVC_Handler
                0x080024d8        0xc ..\obj\stm32f4xx_it.o
                0x080024d8                SVC_Handler
 .text.DebugMon_Handler
                0x080024e4        0xc ..\obj\stm32f4xx_it.o
                0x080024e4                DebugMon_Handler
 .text.PendSV_Handler
                0x080024f0        0xc ..\obj\stm32f4xx_it.o
                0x080024f0                PendSV_Handler
 .text.SysTick_Handler
                0x080024fc        0xc ..\obj\stm32f4xx_it.o
                0x080024fc                SysTick_Handler
 .text.OTG_FS_WKUP_IRQHandler
                0x08002508       0x44 ..\obj\stm32f4xx_it.o
                0x08002508                OTG_FS_WKUP_IRQHandler
 .text.OTG_FS_IRQHandler
                0x0800254c       0x14 ..\obj\stm32f4xx_it.o
                0x0800254c                OTG_FS_IRQHandler
 .text.USBD_USR_DeviceDescriptor
                0x08002560       0x28 ..\obj\usbd_desc.o
                0x08002560                USBD_USR_DeviceDescriptor
 .text.USBD_USR_LangIDStrDescriptor
                0x08002588       0x28 ..\obj\usbd_desc.o
                0x08002588                USBD_USR_LangIDStrDescriptor
 .text.USBD_USR_ProductStrDescriptor
                0x080025b0       0x54 ..\obj\usbd_desc.o
                0x080025b0                USBD_USR_ProductStrDescriptor
 .text.USBD_USR_ManufacturerStrDescriptor
                0x08002604       0x34 ..\obj\usbd_desc.o
                0x08002604                USBD_USR_ManufacturerStrDescriptor
 .text.USBD_USR_SerialStrDescriptor
                0x08002638       0x54 ..\obj\usbd_desc.o
                0x08002638                USBD_USR_SerialStrDescriptor
 .text.USBD_USR_ConfigStrDescriptor
                0x0800268c       0x54 ..\obj\usbd_desc.o
                0x0800268c                USBD_USR_ConfigStrDescriptor
 .text.USBD_USR_InterfaceStrDescriptor
                0x080026e0       0x54 ..\obj\usbd_desc.o
                0x080026e0                USBD_USR_InterfaceStrDescriptor
 .text.GPIO_Init
                0x08002734      0x144 ..\obj\stm32f4xx_gpio.o
                0x08002734                GPIO_Init
 .text.GPIO_PinAFConfig
                0x08002878       0xa8 ..\obj\stm32f4xx_gpio.o
                0x08002878                GPIO_PinAFConfig
 .text.SystemInit
                0x08002920       0x94 ..\obj\system_stm32f4xx.o
                0x08002920                SystemInit
 .text.SetSysClock
                0x080029b4      0x1e0 ..\obj\system_stm32f4xx.o
 .text.USB_OTG_BSP_Init
                0x08002b94      0x10c ..\obj\usb_bsp.o
                0x08002b94                USB_OTG_BSP_Init
 .text.USB_OTG_BSP_EnableInterrupt
                0x08002ca0       0x3c ..\obj\usb_bsp.o
                0x08002ca0                USB_OTG_BSP_EnableInterrupt
 .text.USB_OTG_BSP_uDelay
                0x08002cdc       0x58 ..\obj\usb_bsp.o
                0x08002cdc                USB_OTG_BSP_uDelay
 .text.USB_OTG_BSP_mDelay
                0x08002d34       0x20 ..\obj\usb_bsp.o
                0x08002d34                USB_OTG_BSP_mDelay
 .text.USBD_StdDevReq
                0x08002d54       0xa4 ..\obj\usbd_req.o
                0x08002d54                USBD_StdDevReq
 .text.USBD_StdItfReq
                0x08002df8       0x6c ..\obj\usbd_req.o
                0x08002df8                USBD_StdItfReq
 .text.USBD_StdEPReq
                0x08002e64      0x1e4 ..\obj\usbd_req.o
                0x08002e64                USBD_StdEPReq
 .text.USBD_GetDescriptor
                0x08003048      0x1c8 ..\obj\usbd_req.o
 .text.USBD_SetAddress
                0x08003210       0x80 ..\obj\usbd_req.o
 .text.USBD_SetConfig
                0x08003290      0x134 ..\obj\usbd_req.o
 .text.USBD_GetConfig
                0x080033c4       0x68 ..\obj\usbd_req.o
 .text.USBD_GetStatus
                0x0800342c       0x68 ..\obj\usbd_req.o
 .text.USBD_SetFeature
                0x08003494       0xe0 ..\obj\usbd_req.o
 .text.USBD_ClrFeature
                0x08003574       0x58 ..\obj\usbd_req.o
 .text.USBD_ParseSetupRequest
                0x080035cc       0x94 ..\obj\usbd_req.o
                0x080035cc                USBD_ParseSetupRequest
 .text.USBD_CtlError
                0x08003660       0x50 ..\obj\usbd_req.o
                0x08003660                USBD_CtlError
 .text.USBD_GetString
                0x080036b0       0x9c ..\obj\usbd_req.o
                0x080036b0                USBD_GetString
 .text.USBD_GetLen
                0x0800374c       0x38 ..\obj\usbd_req.o
 .text.USBD_OTG_ISR_Handler
                0x08003784      0x164 ..\obj\usb_dcd_int.o
                0x08003784                USBD_OTG_ISR_Handler
 .text.DCD_HandleResume_ISR
                0x080038e8       0x8c ..\obj\usb_dcd_int.o
 .text.DCD_HandleUSBSuspend_ISR
                0x08003974       0xd0 ..\obj\usb_dcd_int.o
 .text.DCD_HandleInEP_ISR
                0x08003a44      0x1d0 ..\obj\usb_dcd_int.o
 .text.DCD_HandleOutEP_ISR
                0x08003c14      0x184 ..\obj\usb_dcd_int.o
 .text.DCD_HandleSof_ISR
                0x08003d98       0x3c ..\obj\usb_dcd_int.o
 .text.DCD_HandleRxStatusQueueLevel_ISR
                0x08003dd4      0x118 ..\obj\usb_dcd_int.o
 .text.DCD_WriteEmptyTxFifo
                0x08003eec      0x104 ..\obj\usb_dcd_int.o
 .text.DCD_HandleUsbReset_ISR
                0x08003ff0      0x158 ..\obj\usb_dcd_int.o
 .text.DCD_HandleEnumDone_ISR
                0x08004148       0x88 ..\obj\usb_dcd_int.o
 .text.DCD_IsoINIncomplete_ISR
                0x080041d0       0x3c ..\obj\usb_dcd_int.o
 .text.DCD_IsoOUTIncomplete_ISR
                0x0800420c       0x3c ..\obj\usb_dcd_int.o
 .text.DCD_ReadDevInEP
                0x08004248       0x58 ..\obj\usb_dcd_int.o
 .text.EXTI_Init
                0x080042a0      0x138 ..\obj\stm32f4xx_exti.o
                0x080042a0                EXTI_Init
 .text.EXTI_ClearITPendingBit
                0x080043d8       0x20 ..\obj\stm32f4xx_exti.o
                0x080043d8                EXTI_ClearITPendingBit
 .text.NVIC_PriorityGroupConfig
                0x080043f8       0x28 ..\obj\misc.o
                0x080043f8                NVIC_PriorityGroupConfig
 .text.NVIC_Init
                0x08004420       0xe4 ..\obj\misc.o
                0x08004420                NVIC_Init
 .text.DCD_Init
                0x08004504      0x134 ..\obj\usb_dcd.o
                0x08004504                DCD_Init
 .text.DCD_EP_Open
                0x08004638       0xb4 ..\obj\usb_dcd.o
                0x08004638                DCD_EP_Open
 .text.DCD_EP_Close
                0x080046ec       0x88 ..\obj\usb_dcd.o
                0x080046ec                DCD_EP_Close
 .text.DCD_EP_PrepareRx
                0x08004774       0x90 ..\obj\usb_dcd.o
                0x08004774                DCD_EP_PrepareRx
 .text.DCD_EP_Tx
                0x08004804       0x88 ..\obj\usb_dcd.o
                0x08004804                DCD_EP_Tx
 .text.DCD_EP_Stall
                0x0800488c       0x8c ..\obj\usb_dcd.o
                0x0800488c                DCD_EP_Stall
 .text.DCD_EP_ClrStall
                0x08004918       0x8c ..\obj\usb_dcd.o
                0x08004918                DCD_EP_ClrStall
 .text.DCD_EP_Flush
                0x080049a4       0x38 ..\obj\usb_dcd.o
                0x080049a4                DCD_EP_Flush
 .text.DCD_EP_SetAddress
                0x080049dc       0x3c ..\obj\usb_dcd.o
                0x080049dc                DCD_EP_SetAddress
 .text.USBD_CtlSendData
                0x08004a18       0x48 ..\obj\usbd_ioreq.o
                0x08004a18                USBD_CtlSendData
 .text.USBD_CtlContinueSendData
                0x08004a60       0x30 ..\obj\usbd_ioreq.o
                0x08004a60                USBD_CtlContinueSendData
 .text.USBD_CtlContinueRx
                0x08004a90       0x30 ..\obj\usbd_ioreq.o
                0x08004a90                USBD_CtlContinueRx
 .text.USBD_CtlSendStatus
                0x08004ac0       0x3c ..\obj\usbd_ioreq.o
                0x08004ac0                USBD_CtlSendStatus
 .text.USBD_CtlReceiveStatus
                0x08004afc       0x3c ..\obj\usbd_ioreq.o
                0x08004afc                USBD_CtlReceiveStatus
 *(.glue_7t)
 .glue_7t       0x00000000        0x0 linker stubs
 *(.glue_7)
 .glue_7        0x00000000        0x0 linker stubs
 *(.rodata .rodata* .gnu.linkonce.r.*)
 .rodata        0x08004b38       0x30 ..\obj\stm32f4_discovery.o
                0x08004b38                GPIO_PIN
                0x08004b40                GPIO_CLK
                0x08004b50                BUTTON_PIN
                0x08004b54                BUTTON_CLK
                0x08004b58                BUTTON_EXTI_LINE
                0x08004b5c                BUTTON_PORT_SOURCE
                0x08004b60                BUTTON_PIN_SOURCE
                0x08004b64                BUTTON_IRQn
 .rodata        0x08004b68       0x9c ..\obj\main.o
 .rodata        0x08004c04       0x78 ..\obj\usbd_desc.o

.vfp11_veneer   0x08004c7c        0x0
 .vfp11_veneer  0x00000000        0x0 linker stubs

.v4_bx          0x08004c7c        0x0
 .v4_bx         0x00000000        0x0 linker stubs

.iplt           0x08004c7c        0x0
 .iplt          0x00000000        0x0 ..\obj\stm32f4xx_syscfg.o

.rel.dyn        0x08004c7c        0x0
 .rel.iplt      0x00000000        0x0 ..\obj\stm32f4xx_syscfg.o

.ARM.extab
 *(.ARM.extab* .gnu.linkonce.armextab.*)
                0x08004c7c                __exidx_start = .

.ARM.exidx
 *(.ARM.exidx* .gnu.linkonce.armexidx.*)
                0x08004c7c                __exidx_end = .
                0x08004c7c                . = ALIGN (0x4)
                0x08004c7c                _etext = .
                0x08004c7c                _sidata = .

.data           0x20000000      0x110 load address 0x08004c7c
                0x20000000                _sdata = .
 *(.data .data.*)
 .data          0x20000000       0x1c ..\obj\usbd_usr.o
                0x20000000                USR_cb
 .data          0x2000001c       0x14 ..\obj\stm32f4_discovery.o
                0x2000001c                GPIO_PORT
                0x2000002c                BUTTON_PORT
 .data          0x20000030       0x70 ..\obj\usbd_hid_core.o
                0x20000030                USBD_HID_cb
 .data          0x200000a0       0x30 ..\obj\usbd_core.o
                0x200000a0                USBD_DCD_INT_cb
                0x200000cc                USBD_DCD_INT_fops
 .data          0x200000d0       0x40 ..\obj\usbd_desc.o
                0x200000d0                USR_desc
                0x200000ec                USBD_DeviceDesc
                0x20000100                USBD_DeviceQualifierDesc
                0x2000010c                USBD_LangIDDesc
                0x20000110                . = ALIGN (0x4)
                0x20000110                _edata = .

.igot.plt       0x20000110        0x0 load address 0x08004d8c
 .igot.plt      0x00000000        0x0 ..\obj\stm32f4xx_syscfg.o

.bss            0x20000110      0x750 load address 0x08004d8c
                0x20000110                _sbss = .
 *(.bss .bss.*)
 .bss           0x20000110       0x4c ..\obj\usbd_hid_core.o
 .bss           0x2000015c       0x10 ..\obj\usbd_req.o
                0x2000015c                USBD_ep_status
                0x20000160                USBD_default_cfg
                0x20000164                USBD_cfg_status
 *(COMMON)
 COMMON         0x2000016c      0x6b4 ..\obj\main.o
                0x2000016c                InBuffer
                0x200001ac                OutBuffer
                0x200001ec                Buf
                0x2000022c                USB_OTG_dev
 COMMON         0x20000820       0x3f ..\obj\usbd_req.o
                0x20000820                USBD_StrDesc
                0x20000860                . = ALIGN (0x4)
 *fill*         0x2000085f        0x1 00
                0x20000860                _ebss = .

.co_stack       0x20000860      0x800 load address 0x080054dc
                0x20000860                . = ALIGN (0x8)
 *(.co_stack .co_stack.*)
 .co_stack      0x20000860      0x800 ..\obj\startup_stm32f4xx.o
                0x20000860                pulStack
                0x20001060                . = ALIGN (0x4)
                0x20001060                _end = .
LOAD ..\obj\stm32f4xx_syscfg.o
LOAD ..\obj\usb_core.o
LOAD ..\obj\usbd_usr.o
LOAD ..\obj\startup_stm32f4xx.o
LOAD ..\obj\stm32f4_discovery.o
LOAD ..\obj\usbd_hid_core.o
LOAD ..\obj\usbd_core.o
LOAD ..\obj\main.o
LOAD ..\obj\stm32f4xx_rcc.o
LOAD ..\obj\stm32f4xx_it.o
LOAD ..\obj\usbd_desc.o
LOAD ..\obj\stm32f4xx_gpio.o
LOAD ..\obj\system_stm32f4xx.o
LOAD ..\obj\usb_bsp.o
LOAD ..\obj\usbd_req.o
LOAD ..\obj\usb_dcd_int.o
LOAD ..\obj\stm32f4xx_exti.o
LOAD ..\obj\misc.o
LOAD ..\obj\usb_dcd.o
LOAD ..\obj\usbd_ioreq.o
LOAD ..\obj\stm32f4xx_tim.o
START GROUP
LOAD c:/program files (x86)/gnu tools arm embedded/4.7 2013q3/bin/../lib/gcc/arm-none-eabi/4.7.4/armv7e-m\libgcc.a
LOAD c:/program files (x86)/gnu tools arm embedded/4.7 2013q3/bin/../lib/gcc/arm-none-eabi/4.7.4/../../../../arm-none-eabi/lib/armv7e-m\libg.a
LOAD c:/program files (x86)/gnu tools arm embedded/4.7 2013q3/bin/../lib/gcc/arm-none-eabi/4.7.4/../../../../arm-none-eabi/lib/armv7e-m\libc.a
END GROUP
OUTPUT(STM32F4DiscoveryBidirectionalHID.elf elf32-littlearm)

.debug_info     0x00000000     0xf75f
 .debug_info    0x00000000      0x279 ..\obj\stm32f4xx_syscfg.o
 .debug_info    0x00000279     0x2778 ..\obj\usb_core.o
 .debug_info    0x000029f1      0x1c3 ..\obj\usbd_usr.o
 .debug_info    0x00002bb4      0x103 ..\obj\startup_stm32f4xx.o
 .debug_info    0x00002cb7      0x8ba ..\obj\stm32f4_discovery.o
 .debug_info    0x00003571      0xeb3 ..\obj\usbd_hid_core.o
 .debug_info    0x00004424     0x1016 ..\obj\usbd_core.o
 .debug_info    0x0000543a      0xdec ..\obj\main.o
 .debug_info    0x00006226      0xd49 ..\obj\stm32f4xx_rcc.o
 .debug_info    0x00006f6f      0xccf ..\obj\stm32f4xx_it.o
 .debug_info    0x00007c3e      0x380 ..\obj\usbd_desc.o
 .debug_info    0x00007fbe      0x640 ..\obj\stm32f4xx_gpio.o
 .debug_info    0x000085fe      0x5f5 ..\obj\system_stm32f4xx.o
 .debug_info    0x00008bf3     0x113b ..\obj\usb_bsp.o
 .debug_info    0x00009d2e     0x1132 ..\obj\usbd_req.o
 .debug_info    0x0000ae60     0x2040 ..\obj\usb_dcd_int.o
 .debug_info    0x0000cea0      0x373 ..\obj\stm32f4xx_exti.o
 .debug_info    0x0000d213      0x592 ..\obj\misc.o
 .debug_info    0x0000d7a5     0x11b1 ..\obj\usb_dcd.o
 .debug_info    0x0000e956      0xe09 ..\obj\usbd_ioreq.o

.debug_abbrev   0x00000000     0x2102
 .debug_abbrev  0x00000000      0x133 ..\obj\stm32f4xx_syscfg.o
 .debug_abbrev  0x00000133      0x2bc ..\obj\usb_core.o
 .debug_abbrev  0x000003ef       0xdf ..\obj\usbd_usr.o
 .debug_abbrev  0x000004ce       0xb2 ..\obj\startup_stm32f4xx.o
 .debug_abbrev  0x00000580      0x185 ..\obj\stm32f4_discovery.o
 .debug_abbrev  0x00000705      0x1e1 ..\obj\usbd_hid_core.o
 .debug_abbrev  0x000008e6      0x1f2 ..\obj\usbd_core.o
 .debug_abbrev  0x00000ad8      0x1f0 ..\obj\main.o
 .debug_abbrev  0x00000cc8      0x1e5 ..\obj\stm32f4xx_rcc.o
 .debug_abbrev  0x00000ead      0x14a ..\obj\stm32f4xx_it.o
 .debug_abbrev  0x00000ff7      0x12e ..\obj\usbd_desc.o
 .debug_abbrev  0x00001125      0x1a5 ..\obj\stm32f4xx_gpio.o
 .debug_abbrev  0x000012ca      0x138 ..\obj\system_stm32f4xx.o
 .debug_abbrev  0x00001402      0x1e6 ..\obj\usb_bsp.o
 .debug_abbrev  0x000015e8      0x268 ..\obj\usbd_req.o
 .debug_abbrev  0x00001850      0x230 ..\obj\usb_dcd_int.o
 .debug_abbrev  0x00001a80      0x1a7 ..\obj\stm32f4xx_exti.o
 .debug_abbrev  0x00001c27      0x129 ..\obj\misc.o
 .debug_abbrev  0x00001d50      0x22e ..\obj\usb_dcd.o
 .debug_abbrev  0x00001f7e      0x184 ..\obj\usbd_ioreq.o

.debug_loc      0x00000000     0x2fc0
 .debug_loc     0x00000000      0x144 ..\obj\stm32f4xx_syscfg.o
 .debug_loc     0x00000144      0x7e0 ..\obj\usb_core.o
 .debug_loc     0x00000924       0xe8 ..\obj\usbd_usr.o
 .debug_loc     0x00000a0c       0x64 ..\obj\startup_stm32f4xx.o
 .debug_loc     0x00000a70      0x150 ..\obj\stm32f4_discovery.o
 .debug_loc     0x00000bc0      0x188 ..\obj\usbd_hid_core.o
 .debug_loc     0x00000d48      0x2d8 ..\obj\usbd_core.o
 .debug_loc     0x00001020      0x118 ..\obj\main.o
 .debug_loc     0x00001138      0x97c ..\obj\stm32f4xx_rcc.o
 .debug_loc     0x00001ab4      0x1e4 ..\obj\stm32f4xx_it.o
 .debug_loc     0x00001c98      0x188 ..\obj\usbd_desc.o
 .debug_loc     0x00001e20      0x310 ..\obj\stm32f4xx_gpio.o
 .debug_loc     0x00002130       0x9c ..\obj\system_stm32f4xx.o
 .debug_loc     0x000021cc       0xe0 ..\obj\usb_bsp.o
 .debug_loc     0x000022ac      0x310 ..\obj\usbd_req.o
 .debug_loc     0x000025bc      0x2d8 ..\obj\usb_dcd_int.o
 .debug_loc     0x00002894      0x1b4 ..\obj\stm32f4xx_exti.o
 .debug_loc     0x00002a48      0x118 ..\obj\misc.o
 .debug_loc     0x00002b60      0x2d8 ..\obj\usb_dcd.o
 .debug_loc     0x00002e38      0x188 ..\obj\usbd_ioreq.o

.debug_aranges  0x00000000      0x8d8
 .debug_aranges
                0x00000000       0x48 ..\obj\stm32f4xx_syscfg.o
 .debug_aranges
                0x00000048      0x138 ..\obj\usb_core.o
 .debug_aranges
                0x00000180       0x40 ..\obj\usbd_usr.o
 .debug_aranges
                0x000001c0       0x28 ..\obj\startup_stm32f4xx.o
 .debug_aranges
                0x000001e8       0x48 ..\obj\stm32f4_discovery.o
 .debug_aranges
                0x00000230       0x50 ..\obj\usbd_hid_core.o
 .debug_aranges
                0x00000280       0x80 ..\obj\usbd_core.o
 .debug_aranges
                0x00000300       0x40 ..\obj\main.o
 .debug_aranges
                0x00000340      0x178 ..\obj\stm32f4xx_rcc.o
 .debug_aranges
                0x000004b8       0x70 ..\obj\stm32f4xx_it.o
 .debug_aranges
                0x00000528       0x50 ..\obj\usbd_desc.o
 .debug_aranges
                0x00000578       0x88 ..\obj\stm32f4xx_gpio.o
 .debug_aranges
                0x00000600       0x30 ..\obj\system_stm32f4xx.o
 .debug_aranges
                0x00000630       0x38 ..\obj\usb_bsp.o
 .debug_aranges
                0x00000668       0x88 ..\obj\usbd_req.o
 .debug_aranges
                0x000006f0       0x80 ..\obj\usb_dcd_int.o
 .debug_aranges
                0x00000770       0x58 ..\obj\stm32f4xx_exti.o
 .debug_aranges
                0x000007c8       0x40 ..\obj\misc.o
 .debug_aranges
                0x00000808       0x80 ..\obj\usb_dcd.o
 .debug_aranges
                0x00000888       0x50 ..\obj\usbd_ioreq.o

.debug_ranges   0x00000000      0x798
 .debug_ranges  0x00000000       0x38 ..\obj\stm32f4xx_syscfg.o
 .debug_ranges  0x00000038      0x128 ..\obj\usb_core.o
 .debug_ranges  0x00000160       0x30 ..\obj\usbd_usr.o
 .debug_ranges  0x00000190       0x18 ..\obj\startup_stm32f4xx.o
 .debug_ranges  0x000001a8       0x38 ..\obj\stm32f4_discovery.o
 .debug_ranges  0x000001e0       0x40 ..\obj\usbd_hid_core.o
 .debug_ranges  0x00000220       0x70 ..\obj\usbd_core.o
 .debug_ranges  0x00000290       0x30 ..\obj\main.o
 .debug_ranges  0x000002c0      0x168 ..\obj\stm32f4xx_rcc.o
 .debug_ranges  0x00000428       0x60 ..\obj\stm32f4xx_it.o
 .debug_ranges  0x00000488       0x40 ..\obj\usbd_desc.o
 .debug_ranges  0x000004c8       0x78 ..\obj\stm32f4xx_gpio.o
 .debug_ranges  0x00000540       0x20 ..\obj\system_stm32f4xx.o
 .debug_ranges  0x00000560       0x28 ..\obj\usb_bsp.o
 .debug_ranges  0x00000588       0x78 ..\obj\usbd_req.o
 .debug_ranges  0x00000600       0x70 ..\obj\usb_dcd_int.o
 .debug_ranges  0x00000670       0x48 ..\obj\stm32f4xx_exti.o
 .debug_ranges  0x000006b8       0x30 ..\obj\misc.o
 .debug_ranges  0x000006e8       0x70 ..\obj\usb_dcd.o
 .debug_ranges  0x00000758       0x40 ..\obj\usbd_ioreq.o

.debug_line     0x00000000     0x3cf8
 .debug_line    0x00000000      0x224 ..\obj\stm32f4xx_syscfg.o
 .debug_line    0x00000224      0x6ec ..\obj\usb_core.o
 .debug_line    0x00000910      0x1fd ..\obj\usbd_usr.o
 .debug_line    0x00000b0d       0xb5 ..\obj\startup_stm32f4xx.o
 .debug_line    0x00000bc2      0x2b8 ..\obj\stm32f4_discovery.o
 .debug_line    0x00000e7a      0x27d ..\obj\usbd_hid_core.o
 .debug_line    0x000010f7      0x353 ..\obj\usbd_core.o
 .debug_line    0x0000144a      0x2a8 ..\obj\main.o
 .debug_line    0x000016f2      0x5ba ..\obj\stm32f4xx_rcc.o
 .debug_line    0x00001cac      0x27b ..\obj\stm32f4xx_it.o
 .debug_line    0x00001f27      0x245 ..\obj\usbd_desc.o
 .debug_line    0x0000216c      0x35e ..\obj\stm32f4xx_gpio.o
 .debug_line    0x000024ca      0x1ed ..\obj\system_stm32f4xx.o
 .debug_line    0x000026b7      0x338 ..\obj\usb_bsp.o
 .debug_line    0x000029ef      0x412 ..\obj\usbd_req.o
 .debug_line    0x00002e01      0x3fd ..\obj\usb_dcd_int.o
 .debug_line    0x000031fe      0x2c4 ..\obj\stm32f4xx_exti.o
 .debug_line    0x000034c2      0x264 ..\obj\misc.o
 .debug_line    0x00003726      0x377 ..\obj\usb_dcd.o
 .debug_line    0x00003a9d      0x25b ..\obj\usbd_ioreq.o

.debug_str      0x00000000     0x39df
 .debug_str     0x00000000      0x268 ..\obj\stm32f4xx_syscfg.o
                                0x2b5 (size before relaxing)
 .debug_str     0x00000268     0x1286 ..\obj\usb_core.o
                               0x163b (size before relaxing)
 .debug_str     0x000014ee       0xca ..\obj\usbd_usr.o
                                0x249 (size before relaxing)
 .debug_str     0x000015b8       0xc3 ..\obj\startup_stm32f4xx.o
                                0x127 (size before relaxing)
 .debug_str     0x0000167b      0x9e8 ..\obj\stm32f4_discovery.o
                                0xb11 (size before relaxing)
 .debug_str     0x00002063      0x191 ..\obj\usbd_hid_core.o
                                0xa1a (size before relaxing)
 .debug_str     0x000021f4      0x181 ..\obj\usbd_core.o
                                0xaa5 (size before relaxing)
 .debug_str     0x00002375      0x111 ..\obj\main.o
                                0xa1e (size before relaxing)
 .debug_str     0x00002486      0x695 ..\obj\stm32f4xx_rcc.o
                                0x806 (size before relaxing)
 .debug_str     0x00002b1b      0x103 ..\obj\stm32f4xx_it.o
                                0x986 (size before relaxing)
 .debug_str     0x00002c1e      0x16f ..\obj\usbd_desc.o
                                0x34c (size before relaxing)
 .debug_str     0x00002d8d      0x1b0 ..\obj\stm32f4xx_gpio.o
                                0x459 (size before relaxing)
 .debug_str     0x00002f3d      0x12b ..\obj\system_stm32f4xx.o
                                0x360 (size before relaxing)
 .debug_str     0x00003068       0xb2 ..\obj\usb_bsp.o
                               0x10a5 (size before relaxing)
 .debug_str     0x0000311a      0x17b ..\obj\usbd_req.o
                                0xad1 (size before relaxing)
 .debug_str     0x00003295      0x2b0 ..\obj\usb_dcd_int.o
                               0x12b0 (size before relaxing)
 .debug_str     0x00003545      0x120 ..\obj\stm32f4xx_exti.o
                                0x324 (size before relaxing)
 .debug_str     0x00003665      0x174 ..\obj\misc.o
                                0x38f (size before relaxing)
 .debug_str     0x000037d9      0x126 ..\obj\usb_dcd.o
                                0xb03 (size before relaxing)
 .debug_str     0x000038ff       0xe0 ..\obj\usbd_ioreq.o
                                0x98f (size before relaxing)

.comment        0x00000000       0x70
 .comment       0x00000000       0x70 ..\obj\stm32f4xx_syscfg.o
                                 0x71 (size before relaxing)
 .comment       0x00000000       0x71 ..\obj\usb_core.o
 .comment       0x00000000       0x71 ..\obj\usbd_usr.o
 .comment       0x00000000       0x71 ..\obj\startup_stm32f4xx.o
 .comment       0x00000000       0x71 ..\obj\stm32f4_discovery.o
 .comment       0x00000000       0x71 ..\obj\usbd_hid_core.o
 .comment       0x00000000       0x71 ..\obj\usbd_core.o
 .comment       0x00000000       0x71 ..\obj\main.o
 .comment       0x00000000       0x71 ..\obj\stm32f4xx_rcc.o
 .comment       0x00000000       0x71 ..\obj\stm32f4xx_it.o
 .comment       0x00000000       0x71 ..\obj\usbd_desc.o
 .comment       0x00000000       0x71 ..\obj\stm32f4xx_gpio.o
 .comment       0x00000000       0x71 ..\obj\system_stm32f4xx.o
 .comment       0x00000000       0x71 ..\obj\usb_bsp.o
 .comment       0x00000000       0x71 ..\obj\usbd_req.o
 .comment       0x00000000       0x71 ..\obj\usb_dcd_int.o
 .comment       0x00000000       0x71 ..\obj\stm32f4xx_exti.o
 .comment       0x00000000       0x71 ..\obj\misc.o
 .comment       0x00000000       0x71 ..\obj\usb_dcd.o
 .comment       0x00000000       0x71 ..\obj\usbd_ioreq.o

.ARM.attributes
                0x00000000       0x33
 .ARM.attributes
                0x00000000       0x33 ..\obj\stm32f4xx_syscfg.o
 .ARM.attributes
                0x00000033       0x33 ..\obj\usb_core.o
 .ARM.attributes
                0x00000066       0x33 ..\obj\usbd_usr.o
 .ARM.attributes
                0x00000099       0x33 ..\obj\startup_stm32f4xx.o
 .ARM.attributes
                0x000000cc       0x33 ..\obj\stm32f4_discovery.o
 .ARM.attributes
                0x000000ff       0x33 ..\obj\usbd_hid_core.o
 .ARM.attributes
                0x00000132       0x33 ..\obj\usbd_core.o
 .ARM.attributes
                0x00000165       0x33 ..\obj\main.o
 .ARM.attributes
                0x00000198       0x33 ..\obj\stm32f4xx_rcc.o
 .ARM.attributes
                0x000001cb       0x33 ..\obj\stm32f4xx_it.o
 .ARM.attributes
                0x000001fe       0x33 ..\obj\usbd_desc.o
 .ARM.attributes
                0x00000231       0x33 ..\obj\stm32f4xx_gpio.o
 .ARM.attributes
                0x00000264       0x33 ..\obj\system_stm32f4xx.o
 .ARM.attributes
                0x00000297       0x33 ..\obj\usb_bsp.o
 .ARM.attributes
                0x000002ca       0x33 ..\obj\usbd_req.o
 .ARM.attributes
                0x000002fd       0x33 ..\obj\usb_dcd_int.o
 .ARM.attributes
                0x00000330       0x33 ..\obj\stm32f4xx_exti.o
 .ARM.attributes
                0x00000363       0x33 ..\obj\misc.o
 .ARM.attributes
                0x00000396       0x33 ..\obj\usb_dcd.o
 .ARM.attributes
                0x000003c9       0x33 ..\obj\usbd_ioreq.o

.debug_frame    0x00000000     0x1ac4
 .debug_frame   0x00000000       0xbc ..\obj\stm32f4xx_syscfg.o
 .debug_frame   0x000000bc      0x434 ..\obj\usb_core.o
 .debug_frame   0x000004f0       0x8c ..\obj\usbd_usr.o
 .debug_frame   0x0000057c       0x48 ..\obj\startup_stm32f4xx.o
 .debug_frame   0x000005c4       0xc4 ..\obj\stm32f4_discovery.o
 .debug_frame   0x00000688       0xec ..\obj\usbd_hid_core.o
 .debug_frame   0x00000774      0x1ac ..\obj\usbd_core.o
 .debug_frame   0x00000920       0xa4 ..\obj\main.o
 .debug_frame   0x000009c4      0x4d8 ..\obj\stm32f4xx_rcc.o
 .debug_frame   0x00000e9c      0x120 ..\obj\stm32f4xx_it.o
 .debug_frame   0x00000fbc       0xe8 ..\obj\usbd_desc.o
 .debug_frame   0x000010a4      0x19c ..\obj\stm32f4xx_gpio.o
 .debug_frame   0x00001240       0x64 ..\obj\system_stm32f4xx.o
 .debug_frame   0x000012a4       0x8c ..\obj\usb_bsp.o
 .debug_frame   0x00001330      0x1c8 ..\obj\usbd_req.o
 .debug_frame   0x000014f8      0x1ac ..\obj\usb_dcd_int.o
 .debug_frame   0x000016a4       0xec ..\obj\stm32f4xx_exti.o
 .debug_frame   0x00001790       0x9c ..\obj\misc.o
 .debug_frame   0x0000182c      0x1ac ..\obj\usb_dcd.o
 .debug_frame   0x000019d8       0xec ..\obj\usbd_ioreq.o
